Stack is not empty at the end of execution
Stack content:[Integer 5,Integer 10,Integer 20]