"75.0"
56
Thisworks!!!
"StringConversion!!!"
Stack is not empty at the end of execution
Stack content:[Integer 56]